
> react-kavia@0.1.0 start
> react-scripts start

Attempting to bind to HOST environment variable: 0.0.0.0
If this was unintentional, check that you haven't mistakenly set it in your shell.
Learn more here: https://cra.link/advanced-config

(node:9410) [DEP_WEBPACK_DEV_SERVER_ON_AFTER_SETUP_MIDDLEWARE] DeprecationWarning: 'onAfterSetupMiddleware' option is deprecated. Please use the 'setupMiddlewares' option.
(Use `node --trace-deprecation ...` to show where the warning was created)
(node:9410) [DEP_WEBPACK_DEV_SERVER_ON_BEFORE_SETUP_MIDDLEWARE] DeprecationWarning: 'onBeforeSetupMiddleware' option is deprecated. Please use the 'setupMiddlewares' option.
Starting the development server...

Compiled successfully!

You can now view react-kavia in the browser.

  Local:            http://localhost:3000
  On Your Network:  http://172.17.0.2:3000

Note that the development build is not optimized.
To create a production build, use npm run build.

webpack compiled successfully
Compiling...
Failed to compile.

[eslint] 
src/utils/storage.js
  Line 72:1:  Import in body of module; reorder to top  import/first

Search for the keywords to learn more about each error.
WARNING in [eslint] 
src/pages/Journal.js
  Line 3:10:  'getStored' is defined but never used          no-unused-vars
  Line 3:21:  'setStored' is defined but never used          no-unused-vars
  Line 3:32:  'usePersistedState' is defined but never used  no-unused-vars

ERROR in [eslint] 
src/utils/storage.js
  Line 72:1:  Import in body of module; reorder to top  import/first

Search for the keywords to learn more about each error.

webpack compiled with 1 error and 1 warning
Compiling...
Failed to compile.

[eslint] 
src/utils/storage.js
  Line 72:1:  Import in body of module; reorder to top  import/first

Search for the keywords to learn more about each error.
WARNING in [eslint] 
src/pages/Journal.js
  Line 3:10:  'getStored' is defined but never used                                                                          no-unused-vars
  Line 3:21:  'setStored' is defined but never used                                                                          no-unused-vars
  Line 74:6:  React Hook useEffect has a missing dependency: 'setEntries'. Either include it or remove the dependency array  react-hooks/exhaustive-deps

ERROR in [eslint] 
src/utils/storage.js
  Line 72:1:  Import in body of module; reorder to top  import/first

Search for the keywords to learn more about each error.

webpack compiled with 1 error and 1 warning
Compiling...
Failed to compile.

[eslint] 
src/utils/storage.js
  Line 72:1:  Import in body of module; reorder to top  import/first

Search for the keywords to learn more about each error.
WARNING in [eslint] 
src/pages/Journal.js
  Line 3:21:  'setStored' is defined but never used                                                                          no-unused-vars
  Line 75:6:  React Hook useEffect has a missing dependency: 'setEntries'. Either include it or remove the dependency array  react-hooks/exhaustive-deps

ERROR in [eslint] 
src/utils/storage.js
  Line 72:1:  Import in body of module; reorder to top  import/first

Search for the keywords to learn more about each error.

webpack compiled with 1 error and 1 warning
Compiling...
Failed to compile.

[eslint] 
src/utils/storage.js
  Line 72:1:  Import in body of module; reorder to top  import/first

Search for the keywords to learn more about each error.
WARNING in [eslint] 
src/pages/Journal.js
  Line 75:6:  React Hook useEffect has a missing dependency: 'setEntries'. Either include it or remove the dependency array  react-hooks/exhaustive-deps

ERROR in [eslint] 
src/utils/storage.js
  Line 72:1:  Import in body of module; reorder to top  import/first

Search for the keywords to learn more about each error.

webpack compiled with 1 error and 1 warning
Compiling...
Failed to compile.

[eslint] 
src/utils/storage.js
  Line 72:1:  Import in body of module; reorder to top  import/first

Search for the keywords to learn more about each error.
WARNING in [eslint] 
src/pages/Journal.js
  Line 75:6:  React Hook useEffect has a missing dependency: 'setEntries'. Either include it or remove the dependency array  react-hooks/exhaustive-deps

ERROR in [eslint] 
src/utils/storage.js
  Line 72:1:  Import in body of module; reorder to top  import/first

Search for the keywords to learn more about each error.

webpack compiled with 1 error and 1 warning
Compiling...
Failed to compile.

[eslint] 
src/utils/storage.js
  Line 72:1:  Import in body of module; reorder to top  import/first

Search for the keywords to learn more about each error.
WARNING in [eslint] 
src/pages/Journal.js
  Line 75:6:  React Hook useEffect has a missing dependency: 'setEntries'. Either include it or remove the dependency array  react-hooks/exhaustive-deps

src/pages/Profile.js
  Line 3:10:  'getStored' is defined but never used          no-unused-vars
  Line 3:21:  'setStored' is defined but never used          no-unused-vars
  Line 3:32:  'usePersistedState' is defined but never used  no-unused-vars

ERROR in [eslint] 
src/utils/storage.js
  Line 72:1:  Import in body of module; reorder to top  import/first

Search for the keywords to learn more about each error.

webpack compiled with 1 error and 1 warning
Compiling...
Failed to compile.

[eslint] 
src/utils/storage.js
  Line 72:1:  Import in body of module; reorder to top  import/first

Search for the keywords to learn more about each error.
WARNING in [eslint] 
src/pages/Journal.js
  Line 75:6:  React Hook useEffect has a missing dependency: 'setEntries'. Either include it or remove the dependency array  react-hooks/exhaustive-deps

src/pages/Profile.js
  Line 1:17:  'useState' is defined but never used   no-unused-vars
  Line 1:35:  'useEffect' is defined but never used  no-unused-vars
  Line 3:10:  'getStored' is defined but never used  no-unused-vars
  Line 3:21:  'setStored' is defined but never used  no-unused-vars

ERROR in [eslint] 
src/utils/storage.js
  Line 72:1:  Import in body of module; reorder to top  import/first

Search for the keywords to learn more about each error.

webpack compiled with 1 error and 1 warning
Compiling...
Failed to compile.

[eslint] 
src/utils/storage.js
  Line 72:1:  Import in body of module; reorder to top  import/first

Search for the keywords to learn more about each error.
WARNING in [eslint] 
src/pages/Journal.js
  Line 75:6:  React Hook useEffect has a missing dependency: 'setEntries'. Either include it or remove the dependency array  react-hooks/exhaustive-deps

src/pages/Profile.js
  Line 1:17:  'useState' is defined but never used   no-unused-vars
  Line 1:35:  'useEffect' is defined but never used  no-unused-vars
  Line 3:10:  'getStored' is defined but never used  no-unused-vars
  Line 3:21:  'setStored' is defined but never used  no-unused-vars

src/pages/Room.js
  Line 1:35:   'useEffect' is defined but never used           no-unused-vars
  Line 3:10:   'getStored' is defined but never used           no-unused-vars
  Line 3:21:   'setStored' is defined but never used           no-unused-vars
  Line 3:32:   'usePersistedState' is defined but never used   no-unused-vars
  Line 73:11:  'decorItem' is assigned a value but never used  no-unused-vars

ERROR in [eslint] 
src/utils/storage.js
  Line 72:1:  Import in body of module; reorder to top  import/first

Search for the keywords to learn more about each error.

webpack compiled with 1 error and 1 warning
Compiling...
Failed to compile.

[eslint] 
src/utils/storage.js
  Line 72:1:  Import in body of module; reorder to top  import/first

Search for the keywords to learn more about each error.
WARNING in [eslint] 
src/pages/Journal.js
  Line 75:6:  React Hook useEffect has a missing dependency: 'setEntries'. Either include it or remove the dependency array  react-hooks/exhaustive-deps

src/pages/Profile.js
  Line 1:17:  'useState' is defined but never used   no-unused-vars
  Line 1:35:  'useEffect' is defined but never used  no-unused-vars
  Line 3:10:  'getStored' is defined but never used  no-unused-vars
  Line 3:21:  'setStored' is defined but never used  no-unused-vars

src/pages/Room.js
  Line 1:35:   'useEffect' is defined but never used           no-unused-vars
  Line 3:10:   'getStored' is defined but never used           no-unused-vars
  Line 3:21:   'setStored' is defined but never used           no-unused-vars
  Line 44:7:   'ROOM_KEY' is assigned a value but never used   no-unused-vars
  Line 83:11:  'decorItem' is assigned a value but never used  no-unused-vars

ERROR in [eslint] 
src/utils/storage.js
  Line 72:1:  Import in body of module; reorder to top  import/first

Search for the keywords to learn more about each error.

webpack compiled with 1 error and 1 warning
Compiling...
Failed to compile.

[eslint] 
src/utils/storage.js
  Line 72:1:  Import in body of module; reorder to top  import/first

Search for the keywords to learn more about each error.
WARNING in [eslint] 
src/pages/Journal.js
  Line 75:6:  React Hook useEffect has a missing dependency: 'setEntries'. Either include it or remove the dependency array  react-hooks/exhaustive-deps

src/pages/Profile.js
  Line 1:17:  'useState' is defined but never used   no-unused-vars
  Line 1:35:  'useEffect' is defined but never used  no-unused-vars
  Line 3:10:  'getStored' is defined but never used  no-unused-vars
  Line 3:21:  'setStored' is defined but never used  no-unused-vars

src/pages/Room.js
  Line 1:35:   'useEffect' is defined but never used           no-unused-vars
  Line 3:10:   'getStored' is defined but never used           no-unused-vars
  Line 44:7:   'ROOM_KEY' is assigned a value but never used   no-unused-vars
  Line 83:11:  'decorItem' is assigned a value but never used  no-unused-vars

ERROR in [eslint] 
src/utils/storage.js
  Line 72:1:  Import in body of module; reorder to top  import/first

Search for the keywords to learn more about each error.

webpack compiled with 1 error and 1 warning
Compiling...
Failed to compile.

[eslint] 
src/utils/storage.js
  Line 72:1:  Import in body of module; reorder to top  import/first

Search for the keywords to learn more about each error.
WARNING in [eslint] 
src/pages/Journal.js
  Line 75:6:  React Hook useEffect has a missing dependency: 'setEntries'. Either include it or remove the dependency array  react-hooks/exhaustive-deps

src/pages/Profile.js
  Line 1:17:  'useState' is defined but never used   no-unused-vars
  Line 1:35:  'useEffect' is defined but never used  no-unused-vars
  Line 3:10:  'getStored' is defined but never used  no-unused-vars
  Line 3:21:  'setStored' is defined but never used  no-unused-vars

src/pages/Room.js
  Line 3:10:   'getStored' is defined but never used           no-unused-vars
  Line 44:7:   'ROOM_KEY' is assigned a value but never used   no-unused-vars
  Line 83:11:  'decorItem' is assigned a value but never used  no-unused-vars

ERROR in [eslint] 
src/utils/storage.js
  Line 72:1:  Import in body of module; reorder to top  import/first

Search for the keywords to learn more about each error.

webpack compiled with 1 error and 1 warning
Compiling...
Compiled with warnings.

[eslint] 
src/pages/Journal.js
  Line 75:6:  React Hook useEffect has a missing dependency: 'setEntries'. Either include it or remove the dependency array  react-hooks/exhaustive-deps

src/pages/Profile.js
  Line 1:17:  'useState' is defined but never used   no-unused-vars
  Line 1:35:  'useEffect' is defined but never used  no-unused-vars
  Line 3:10:  'getStored' is defined but never used  no-unused-vars
  Line 3:21:  'setStored' is defined but never used  no-unused-vars

src/pages/Room.js
  Line 3:10:   'getStored' is defined but never used           no-unused-vars
  Line 44:7:   'ROOM_KEY' is assigned a value but never used   no-unused-vars
  Line 83:11:  'decorItem' is assigned a value but never used  no-unused-vars

Search for the keywords to learn more about each warning.
To ignore, add // eslint-disable-next-line to the line before.

WARNING in [eslint] 
src/pages/Journal.js
  Line 75:6:  React Hook useEffect has a missing dependency: 'setEntries'. Either include it or remove the dependency array  react-hooks/exhaustive-deps

src/pages/Profile.js
  Line 1:17:  'useState' is defined but never used   no-unused-vars
  Line 1:35:  'useEffect' is defined but never used  no-unused-vars
  Line 3:10:  'getStored' is defined but never used  no-unused-vars
  Line 3:21:  'setStored' is defined but never used  no-unused-vars

src/pages/Room.js
  Line 3:10:   'getStored' is defined but never used           no-unused-vars
  Line 44:7:   'ROOM_KEY' is assigned a value but never used   no-unused-vars
  Line 83:11:  'decorItem' is assigned a value but never used  no-unused-vars

webpack compiled with 1 warning
